11:45:14 **** Incremental Build of configuration Debug for project 1_led_toggle_struct ****
make -j12 all 
arm-none-eabi-gcc "../Src/main.c" -mcpu=cortex-m4 -std=gnu11 -g3 -DDEBUG -DSTM32L4 -DSTM32 -DSTM32L432KCUx -c -I../Inc -O0 -ffunction-sections -fdata-sections -Wall -fstack-usage -fcyclomatic-complexity -MMD -MP -MF"Src/main.d" -MT"Src/main.o" --specs=nano.specs -mfpu=fpv4-sp-d16 -mfloat-abi=hard -mthumb -o "Src/main.o"
arm-none-eabi-gcc -o "1_led_toggle_struct.elf" @"objects.list"   -mcpu=cortex-m4 -T"D:\trabajo\CURSOS\STM32\Udemy bare metal\1_led_toggle_struct\STM32L432KCUX_FLASH.ld" --specs=nosys.specs -Wl,-Map="1_led_toggle_struct.map" -Wl,--gc-sections -static --specs=nano.specs -mfpu=fpv4-sp-d16 -mfloat-abi=hard -mthumb -Wl,--start-group -lc -lm -Wl,--end-group
Finished building target: 1_led_toggle_struct.elf
 
arm-none-eabi-size  1_led_toggle_struct.elf 
arm-none-eabi-objdump -h -S 1_led_toggle_struct.elf  > "1_led_toggle_struct.list"
   text	   data	    bss	    dec	    hex	filename
    744	      0	   1568	   2312	    908	1_led_toggle_struct.elf
Finished building: default.size.stdout
 
Finished building: 1_led_toggle_struct.list
 

11:45:14 Build Finished. 0 errors, 0 warnings. (took 645ms)

